[1/32] Building CXX object CMakeFiles/appSistemaInventario.dir/build/Desktop_Qt_6_10_2_MinGW_64_bit-Debug/.rcc/qmlcache/appSistemaInventario_qml/pages/ImportPage_qml.cpp.obj
FAILED: CMakeFiles/appSistemaInventario.dir/build/Desktop_Qt_6_10_2_MinGW_64_bit-Debug/.rcc/qmlcache/appSistemaInventario_qml/pages/ImportPage_qml.cpp.obj 
G:\qt\Tools\mingw1310_64\bin\g++.exe -DMINGW_HAS_SECURE_API=1 -DQT_CHARTS_LIB -DQT_CORE_LIB -DQT_GUI_LIB -DQT_NEEDS_QMAIN -DQT_NETWORK_LIB -DQT_OPENGLWIDGETS_LIB -DQT_OPENGL_LIB -DQT_PRINTSUPPORT_LIB -DQT_QMLINTEGRATION_LIB -DQT_QML_LIB -DQT_QUICKCONTROLS2_LIB -DQT_QUICK_LIB -DQT_SQL_LIB -DQT_WIDGETS_LIB -DUNICODE -DWIN32 -DWIN64 -D_ENABLE_EXTENDED_ALIGNED_STORAGE -D_UNICODE -D_WIN64 -IG:/Repositorios/SistemaInventario/build/Desktop_Qt_6_10_2_MinGW_64_bit-Debug/appSistemaInventario_autogen/include -IG:/Repositorios/SistemaInventario -IG:/Repositorios/SistemaInventario/external/QXlsx/QXlsx/header -isystem G:/qt/6.10.2/mingw_64/include/QtQml -isystem G:/qt/6.10.2/mingw_64/include -isystem G:/qt/6.10.2/mingw_64/include/QtCore -isystem G:/qt/6.10.2/mingw_64/mkspecs/win32-g++ -isystem G:/qt/6.10.2/mingw_64/include/QtQmlIntegration -isystem G:/qt/6.10.2/mingw_64/include/QtNetwork -isystem G:/qt/6.10.2/mingw_64/include/QtQuick -isystem G:/qt/6.10.2/mingw_64/include/QtGui -isystem G:/qt/6.10.2/mingw_64/include/QtOpenGL -isystem G:/qt/6.10.2/mingw_64/include/QtQuickControls2 -isystem G:/qt/6.10.2/mingw_64/include/QtSql -isystem G:/qt/6.10.2/mingw_64/include/QtPrintSupport -isystem G:/qt/6.10.2/mingw_64/include/QtWidgets -isystem G:/qt/6.10.2/mingw_64/include/QtCharts -isystem G:/qt/6.10.2/mingw_64/include/QtOpenGLWidgets -isystem G:/qt/6.10.2/mingw_64/include/QtGui/6.10.2 -isystem G:/qt/6.10.2/mingw_64/include/QtGui/6.10.2/QtGui -isystem G:/qt/6.10.2/mingw_64/include/QtCore/6.10.2 -isystem G:/qt/6.10.2/mingw_64/include/QtCore/6.10.2/QtCore -DQT_QML_DEBUG -g -std=gnu++17 -fdiagnostics-color=always -MD -MT CMakeFiles/appSistemaInventario.dir/build/Desktop_Qt_6_10_2_MinGW_64_bit-Debug/.rcc/qmlcache/appSistemaInventario_qml/pages/ImportPage_qml.cpp.obj -MF CMakeFiles\appSistemaInventario.dir\build\Desktop_Qt_6_10_2_MinGW_64_bit-Debug\.rcc\qmlcache\appSistemaInventario_qml\pages\ImportPage_qml.cpp.obj.d -o CMakeFiles/appSistemaInventario.dir/build/Desktop_Qt_6_10_2_MinGW_64_bit-Debug/.rcc/qmlcache/appSistemaInventario_qml/pages/ImportPage_qml.cpp.obj -c G:/Repositorios/SistemaInventario/build/Desktop_Qt_6_10_2_MinGW_64_bit-Debug/.rcc/qmlcache/appSistemaInventario_qml/pages/ImportPage_qml.cpp
[2/32] Building CXX object CMakeFiles/appSistemaInventario.dir/build/Desktop_Qt_6_10_2_MinGW_64_bit-Debug/.rcc/qmlcache/appSistemaInventario_qml/pages/DashboardPage_qml.cpp.obj
FAILED: CMakeFiles/appSistemaInventario.dir/build/Desktop_Qt_6_10_2_MinGW_64_bit-Debug/.rcc/qmlcache/appSistemaInventario_qml/pages/DashboardPage_qml.cpp.obj 
G:\qt\Tools\mingw1310_64\bin\g++.exe -DMINGW_HAS_SECURE_API=1 -DQT_CHARTS_LIB -DQT_CORE_LIB -DQT_GUI_LIB -DQT_NEEDS_QMAIN -DQT_NETWORK_LIB -DQT_OPENGLWIDGETS_LIB -DQT_OPENGL_LIB -DQT_PRINTSUPPORT_LIB -DQT_QMLINTEGRATION_LIB -DQT_QML_LIB -DQT_QUICKCONTROLS2_LIB -DQT_QUICK_LIB -DQT_SQL_LIB -DQT_WIDGETS_LIB -DUNICODE -DWIN32 -DWIN64 -D_ENABLE_EXTENDED_ALIGNED_STORAGE -D_UNICODE -D_WIN64 -IG:/Repositorios/SistemaInventario/build/Desktop_Qt_6_10_2_MinGW_64_bit-Debug/appSistemaInventario_autogen/include -IG:/Repositorios/SistemaInventario -IG:/Repositorios/SistemaInventario/external/QXlsx/QXlsx/header -isystem G:/qt/6.10.2/mingw_64/include/QtQml -isystem G:/qt/6.10.2/mingw_64/include -isystem G:/qt/6.10.2/mingw_64/include/QtCore -isystem G:/qt/6.10.2/mingw_64/mkspecs/win32-g++ -isystem G:/qt/6.10.2/mingw_64/include/QtQmlIntegration -isystem G:/qt/6.10.2/mingw_64/include/QtNetwork -isystem G:/qt/6.10.2/mingw_64/include/QtQuick -isystem G:/qt/6.10.2/mingw_64/include/QtGui -isystem G:/qt/6.10.2/mingw_64/include/QtOpenGL -isystem G:/qt/6.10.2/mingw_64/include/QtQuickControls2 -isystem G:/qt/6.10.2/mingw_64/include/QtSql -isystem G:/qt/6.10.2/mingw_64/include/QtPrintSupport -isystem G:/qt/6.10.2/mingw_64/include/QtWidgets -isystem G:/qt/6.10.2/mingw_64/include/QtCharts -isystem G:/qt/6.10.2/mingw_64/include/QtOpenGLWidgets -isystem G:/qt/6.10.2/mingw_64/include/QtGui/6.10.2 -isystem G:/qt/6.10.2/mingw_64/include/QtGui/6.10.2/QtGui -isystem G:/qt/6.10.2/mingw_64/include/QtCore/6.10.2 -isystem G:/qt/6.10.2/mingw_64/include/QtCore/6.10.2/QtCore -DQT_QML_DEBUG -g -std=gnu++17 -fdiagnostics-color=always -MD -MT CMakeFiles/appSistemaInventario.dir/build/Desktop_Qt_6_10_2_MinGW_64_bit-Debug/.rcc/qmlcache/appSistemaInventario_qml/pages/DashboardPage_qml.cpp.obj -MF CMakeFiles\appSistemaInventario.dir\build\Desktop_Qt_6_10_2_MinGW_64_bit-Debug\.rcc\qmlcache\appSistemaInventario_qml\pages\DashboardPage_qml.cpp.obj.d -o CMakeFiles/appSistemaInventario.dir/build/Desktop_Qt_6_10_2_MinGW_64_bit-Debug/.rcc/qmlcache/appSistemaInventario_qml/pages/DashboardPage_qml.cpp.obj -c G:/Repositorios/SistemaInventario/build/Desktop_Qt_6_10_2_MinGW_64_bit-Debug/.rcc/qmlcache/appSistemaInventario_qml/pages/DashboardPage_qml.cpp
[3/32] Building CXX object CMakeFiles/appSistemaInventario.dir/build/Desktop_Qt_6_10_2_MinGW_64_bit-Debug/.rcc/qmlcache/appSistemaInventario_qml/pages/ConsolePage_qml.cpp.obj
FAILED: CMakeFiles/appSistemaInventario.dir/build/Desktop_Qt_6_10_2_MinGW_64_bit-Debug/.rcc/qmlcache/appSistemaInventario_qml/pages/ConsolePage_qml.cpp.obj 
G:\qt\Tools\mingw1310_64\bin\g++.exe -DMINGW_HAS_SECURE_API=1 -DQT_CHARTS_LIB -DQT_CORE_LIB -DQT_GUI_LIB -DQT_NEEDS_QMAIN -DQT_NETWORK_LIB -DQT_OPENGLWIDGETS_LIB -DQT_OPENGL_LIB -DQT_PRINTSUPPORT_LIB -DQT_QMLINTEGRATION_LIB -DQT_QML_LIB -DQT_QUICKCONTROLS2_LIB -DQT_QUICK_LIB -DQT_SQL_LIB -DQT_WIDGETS_LIB -DUNICODE -DWIN32 -DWIN64 -D_ENABLE_EXTENDED_ALIGNED_STORAGE -D_UNICODE -D_WIN64 -IG:/Repositorios/SistemaInventario/build/Desktop_Qt_6_10_2_MinGW_64_bit-Debug/appSistemaInventario_autogen/include -IG:/Repositorios/SistemaInventario -IG:/Repositorios/SistemaInventario/external/QXlsx/QXlsx/header -isystem G:/qt/6.10.2/mingw_64/include/QtQml -isystem G:/qt/6.10.2/mingw_64/include -isystem G:/qt/6.10.2/mingw_64/include/QtCore -isystem G:/qt/6.10.2/mingw_64/mkspecs/win32-g++ -isystem G:/qt/6.10.2/mingw_64/include/QtQmlIntegration -isystem G:/qt/6.10.2/mingw_64/include/QtNetwork -isystem G:/qt/6.10.2/mingw_64/include/QtQuick -isystem G:/qt/6.10.2/mingw_64/include/QtGui -isystem G:/qt/6.10.2/mingw_64/include/QtOpenGL -isystem G:/qt/6.10.2/mingw_64/include/QtQuickControls2 -isystem G:/qt/6.10.2/mingw_64/include/QtSql -isystem G:/qt/6.10.2/mingw_64/include/QtPrintSupport -isystem G:/qt/6.10.2/mingw_64/include/QtWidgets -isystem G:/qt/6.10.2/mingw_64/include/QtCharts -isystem G:/qt/6.10.2/mingw_64/include/QtOpenGLWidgets -isystem G:/qt/6.10.2/mingw_64/include/QtGui/6.10.2 -isystem G:/qt/6.10.2/mingw_64/include/QtGui/6.10.2/QtGui -isystem G:/qt/6.10.2/mingw_64/include/QtCore/6.10.2 -isystem G:/qt/6.10.2/mingw_64/include/QtCore/6.10.2/QtCore -DQT_QML_DEBUG -g -std=gnu++17 -fdiagnostics-color=always -MD -MT CMakeFiles/appSistemaInventario.dir/build/Desktop_Qt_6_10_2_MinGW_64_bit-Debug/.rcc/qmlcache/appSistemaInventario_qml/pages/ConsolePage_qml.cpp.obj -MF CMakeFiles\appSistemaInventario.dir\build\Desktop_Qt_6_10_2_MinGW_64_bit-Debug\.rcc\qmlcache\appSistemaInventario_qml\pages\ConsolePage_qml.cpp.obj.d -o CMakeFiles/appSistemaInventario.dir/build/Desktop_Qt_6_10_2_MinGW_64_bit-Debug/.rcc/qmlcache/appSistemaInventario_qml/pages/ConsolePage_qml.cpp.obj -c G:/Repositorios/SistemaInventario/build/Desktop_Qt_6_10_2_MinGW_64_bit-Debug/.rcc/qmlcache/appSistemaInventario_qml/pages/ConsolePage_qml.cpp
[4/32] Building CXX object CMakeFiles/appSistemaInventario.dir/appSistemaInventario_autogen/mocs_compilation.cpp.obj
FAILED: CMakeFiles/appSistemaInventario.dir/appSistemaInventario_autogen/mocs_compilation.cpp.obj 
G:\qt\Tools\mingw1310_64\bin\g++.exe -DMINGW_HAS_SECURE_API=1 -DQT_CHARTS_LIB -DQT_CORE_LIB -DQT_GUI_LIB -DQT_NEEDS_QMAIN -DQT_NETWORK_LIB -DQT_OPENGLWIDGETS_LIB -DQT_OPENGL_LIB -DQT_PRINTSUPPORT_LIB -DQT_QMLINTEGRATION_LIB -DQT_QML_LIB -DQT_QUICKCONTROLS2_LIB -DQT_QUICK_LIB -DQT_SQL_LIB -DQT_WIDGETS_LIB -DUNICODE -DWIN32 -DWIN64 -D_ENABLE_EXTENDED_ALIGNED_STORAGE -D_UNICODE -D_WIN64 -IG:/Repositorios/SistemaInventario/build/Desktop_Qt_6_10_2_MinGW_64_bit-Debug/appSistemaInventario_autogen/include -IG:/Repositorios/SistemaInventario -IG:/Repositorios/SistemaInventario/external/QXlsx/QXlsx/header -isystem G:/qt/6.10.2/mingw_64/include/QtQml -isystem G:/qt/6.10.2/mingw_64/include -isystem G:/qt/6.10.2/mingw_64/include/QtCore -isystem G:/qt/6.10.2/mingw_64/mkspecs/win32-g++ -isystem G:/qt/6.10.2/mingw_64/include/QtQmlIntegration -isystem G:/qt/6.10.2/mingw_64/include/QtNetwork -isystem G:/qt/6.10.2/mingw_64/include/QtQuick -isystem G:/qt/6.10.2/mingw_64/include/QtGui -isystem G:/qt/6.10.2/mingw_64/include/QtOpenGL -isystem G:/qt/6.10.2/mingw_64/include/QtQuickControls2 -isystem G:/qt/6.10.2/mingw_64/include/QtSql -isystem G:/qt/6.10.2/mingw_64/include/QtPrintSupport -isystem G:/qt/6.10.2/mingw_64/include/QtWidgets -isystem G:/qt/6.10.2/mingw_64/include/QtCharts -isystem G:/qt/6.10.2/mingw_64/include/QtOpenGLWidgets -isystem G:/qt/6.10.2/mingw_64/include/QtGui/6.10.2 -isystem G:/qt/6.10.2/mingw_64/include/QtGui/6.10.2/QtGui -isystem G:/qt/6.10.2/mingw_64/include/QtCore/6.10.2 -isystem G:/qt/6.10.2/mingw_64/include/QtCore/6.10.2/QtCore -DQT_QML_DEBUG -g -std=gnu++17 -fdiagnostics-color=always -MD -MT CMakeFiles/appSistemaInventario.dir/appSistemaInventario_autogen/mocs_compilation.cpp.obj -MF CMakeFiles\appSistemaInventario.dir\appSistemaInventario_autogen\mocs_compilation.cpp.obj.d -o CMakeFiles/appSistemaInventario.dir/appSistemaInventario_autogen/mocs_compilation.cpp.obj -c G:/Repositorios/SistemaInventario/build/Desktop_Qt_6_10_2_MinGW_64_bit-Debug/appSistemaInventario_autogen/mocs_compilation.cpp
[5/32] Building CXX object CMakeFiles/appSistemaInventario.dir/build/Desktop_Qt_6_10_2_MinGW_64_bit-Debug/.rcc/qmlcache/appSistemaInventario_qml/components/CartItemDelegate_qml.cpp.obj
FAILED: CMakeFiles/appSistemaInventario.dir/build/Desktop_Qt_6_10_2_MinGW_64_bit-Debug/.rcc/qmlcache/appSistemaInventario_qml/components/CartItemDelegate_qml.cpp.obj 
G:\qt\Tools\mingw1310_64\bin\g++.exe -DMINGW_HAS_SECURE_API=1 -DQT_CHARTS_LIB -DQT_CORE_LIB -DQT_GUI_LIB -DQT_NEEDS_QMAIN -DQT_NETWORK_LIB -DQT_OPENGLWIDGETS_LIB -DQT_OPENGL_LIB -DQT_PRINTSUPPORT_LIB -DQT_QMLINTEGRATION_LIB -DQT_QML_LIB -DQT_QUICKCONTROLS2_LIB -DQT_QUICK_LIB -DQT_SQL_LIB -DQT_WIDGETS_LIB -DUNICODE -DWIN32 -DWIN64 -D_ENABLE_EXTENDED_ALIGNED_STORAGE -D_UNICODE -D_WIN64 -IG:/Repositorios/SistemaInventario/build/Desktop_Qt_6_10_2_MinGW_64_bit-Debug/appSistemaInventario_autogen/include -IG:/Repositorios/SistemaInventario -IG:/Repositorios/SistemaInventario/external/QXlsx/QXlsx/header -isystem G:/qt/6.10.2/mingw_64/include/QtQml -isystem G:/qt/6.10.2/mingw_64/include -isystem G:/qt/6.10.2/mingw_64/include/QtCore -isystem G:/qt/6.10.2/mingw_64/mkspecs/win32-g++ -isystem G:/qt/6.10.2/mingw_64/include/QtQmlIntegration -isystem G:/qt/6.10.2/mingw_64/include/QtNetwork -isystem G:/qt/6.10.2/mingw_64/include/QtQuick -isystem G:/qt/6.10.2/mingw_64/include/QtGui -isystem G:/qt/6.10.2/mingw_64/include/QtOpenGL -isystem G:/qt/6.10.2/mingw_64/include/QtQuickControls2 -isystem G:/qt/6.10.2/mingw_64/include/QtSql -isystem G:/qt/6.10.2/mingw_64/include/QtPrintSupport -isystem G:/qt/6.10.2/mingw_64/include/QtWidgets -isystem G:/qt/6.10.2/mingw_64/include/QtCharts -isystem G:/qt/6.10.2/mingw_64/include/QtOpenGLWidgets -isystem G:/qt/6.10.2/mingw_64/include/QtGui/6.10.2 -isystem G:/qt/6.10.2/mingw_64/include/QtGui/6.10.2/QtGui -isystem G:/qt/6.10.2/mingw_64/include/QtCore/6.10.2 -isystem G:/qt/6.10.2/mingw_64/include/QtCore/6.10.2/QtCore -DQT_QML_DEBUG -g -std=gnu++17 -fdiagnostics-color=always -MD -MT CMakeFiles/appSistemaInventario.dir/build/Desktop_Qt_6_10_2_MinGW_64_bit-Debug/.rcc/qmlcache/appSistemaInventario_qml/components/CartItemDelegate_qml.cpp.obj -MF CMakeFiles\appSistemaInventario.dir\build\Desktop_Qt_6_10_2_MinGW_64_bit-Debug\.rcc\qmlcache\appSistemaInventario_qml\components\CartItemDelegate_qml.cpp.obj.d -o CMakeFiles/appSistemaInventario.dir/build/Desktop_Qt_6_10_2_MinGW_64_bit-Debug/.rcc/qmlcache/appSistemaInventario_qml/components/CartItemDelegate_qml.cpp.obj -c G:/Repositorios/SistemaInventario/build/Desktop_Qt_6_10_2_MinGW_64_bit-Debug/.rcc/qmlcache/appSistemaInventario_qml/components/CartItemDelegate_qml.cpp
[6/32] Building CXX object CMakeFiles/appSistemaInventario.dir/build/Desktop_Qt_6_10_2_MinGW_64_bit-Debug/.rcc/qmlcache/appSistemaInventario_qml/pages/TicketsPage_qml.cpp.obj
FAILED: CMakeFiles/appSistemaInventario.dir/build/Desktop_Qt_6_10_2_MinGW_64_bit-Debug/.rcc/qmlcache/appSistemaInventario_qml/pages/TicketsPage_qml.cpp.obj 
G:\qt\Tools\mingw1310_64\bin\g++.exe -DMINGW_HAS_SECURE_API=1 -DQT_CHARTS_LIB -DQT_CORE_LIB -DQT_GUI_LIB -DQT_NEEDS_QMAIN -DQT_NETWORK_LIB -DQT_OPENGLWIDGETS_LIB -DQT_OPENGL_LIB -DQT_PRINTSUPPORT_LIB -DQT_QMLINTEGRATION_LIB -DQT_QML_LIB -DQT_QUICKCONTROLS2_LIB -DQT_QUICK_LIB -DQT_SQL_LIB -DQT_WIDGETS_LIB -DUNICODE -DWIN32 -DWIN64 -D_ENABLE_EXTENDED_ALIGNED_STORAGE -D_UNICODE -D_WIN64 -IG:/Repositorios/SistemaInventario/build/Desktop_Qt_6_10_2_MinGW_64_bit-Debug/appSistemaInventario_autogen/include -IG:/Repositorios/SistemaInventario -IG:/Repositorios/SistemaInventario/external/QXlsx/QXlsx/header -isystem G:/qt/6.10.2/mingw_64/include/QtQml -isystem G:/qt/6.10.2/mingw_64/include -isystem G:/qt/6.10.2/mingw_64/include/QtCore -isystem G:/qt/6.10.2/mingw_64/mkspecs/win32-g++ -isystem G:/qt/6.10.2/mingw_64/include/QtQmlIntegration -isystem G:/qt/6.10.2/mingw_64/include/QtNetwork -isystem G:/qt/6.10.2/mingw_64/include/QtQuick -isystem G:/qt/6.10.2/mingw_64/include/QtGui -isystem G:/qt/6.10.2/mingw_64/include/QtOpenGL -isystem G:/qt/6.10.2/mingw_64/include/QtQuickControls2 -isystem G:/qt/6.10.2/mingw_64/include/QtSql -isystem G:/qt/6.10.2/mingw_64/include/QtPrintSupport -isystem G:/qt/6.10.2/mingw_64/include/QtWidgets -isystem G:/qt/6.10.2/mingw_64/include/QtCharts -isystem G:/qt/6.10.2/mingw_64/include/QtOpenGLWidgets -isystem G:/qt/6.10.2/mingw_64/include/QtGui/6.10.2 -isystem G:/qt/6.10.2/mingw_64/include/QtGui/6.10.2/QtGui -isystem G:/qt/6.10.2/mingw_64/include/QtCore/6.10.2 -isystem G:/qt/6.10.2/mingw_64/include/QtCore/6.10.2/QtCore -DQT_QML_DEBUG -g -std=gnu++17 -fdiagnostics-color=always -MD -MT CMakeFiles/appSistemaInventario.dir/build/Desktop_Qt_6_10_2_MinGW_64_bit-Debug/.rcc/qmlcache/appSistemaInventario_qml/pages/TicketsPage_qml.cpp.obj -MF CMakeFiles\appSistemaInventario.dir\build\Desktop_Qt_6_10_2_MinGW_64_bit-Debug\.rcc\qmlcache\appSistemaInventario_qml\pages\TicketsPage_qml.cpp.obj.d -o CMakeFiles/appSistemaInventario.dir/build/Desktop_Qt_6_10_2_MinGW_64_bit-Debug/.rcc/qmlcache/appSistemaInventario_qml/pages/TicketsPage_qml.cpp.obj -c G:/Repositorios/SistemaInventario/build/Desktop_Qt_6_10_2_MinGW_64_bit-Debug/.rcc/qmlcache/appSistemaInventario_qml/pages/TicketsPage_qml.cpp
[7/32] Building CXX object CMakeFiles/appSistemaInventario.dir/build/Desktop_Qt_6_10_2_MinGW_64_bit-Debug/.rcc/qmlcache/appSistemaInventario_qml/pages/ReportsPage_qml.cpp.obj
FAILED: CMakeFiles/appSistemaInventario.dir/build/Desktop_Qt_6_10_2_MinGW_64_bit-Debug/.rcc/qmlcache/appSistemaInventario_qml/pages/ReportsPage_qml.cpp.obj 
G:\qt\Tools\mingw1310_64\bin\g++.exe -DMINGW_HAS_SECURE_API=1 -DQT_CHARTS_LIB -DQT_CORE_LIB -DQT_GUI_LIB -DQT_NEEDS_QMAIN -DQT_NETWORK_LIB -DQT_OPENGLWIDGETS_LIB -DQT_OPENGL_LIB -DQT_PRINTSUPPORT_LIB -DQT_QMLINTEGRATION_LIB -DQT_QML_LIB -DQT_QUICKCONTROLS2_LIB -DQT_QUICK_LIB -DQT_SQL_LIB -DQT_WIDGETS_LIB -DUNICODE -DWIN32 -DWIN64 -D_ENABLE_EXTENDED_ALIGNED_STORAGE -D_UNICODE -D_WIN64 -IG:/Repositorios/SistemaInventario/build/Desktop_Qt_6_10_2_MinGW_64_bit-Debug/appSistemaInventario_autogen/include -IG:/Repositorios/SistemaInventario -IG:/Repositorios/SistemaInventario/external/QXlsx/QXlsx/header -isystem G:/qt/6.10.2/mingw_64/include/QtQml -isystem G:/qt/6.10.2/mingw_64/include -isystem G:/qt/6.10.2/mingw_64/include/QtCore -isystem G:/qt/6.10.2/mingw_64/mkspecs/win32-g++ -isystem G:/qt/6.10.2/mingw_64/include/QtQmlIntegration -isystem G:/qt/6.10.2/mingw_64/include/QtNetwork -isystem G:/qt/6.10.2/mingw_64/include/QtQuick -isystem G:/qt/6.10.2/mingw_64/include/QtGui -isystem G:/qt/6.10.2/mingw_64/include/QtOpenGL -isystem G:/qt/6.10.2/mingw_64/include/QtQuickControls2 -isystem G:/qt/6.10.2/mingw_64/include/QtSql -isystem G:/qt/6.10.2/mingw_64/include/QtPrintSupport -isystem G:/qt/6.10.2/mingw_64/include/QtWidgets -isystem G:/qt/6.10.2/mingw_64/include/QtCharts -isystem G:/qt/6.10.2/mingw_64/include/QtOpenGLWidgets -isystem G:/qt/6.10.2/mingw_64/include/QtGui/6.10.2 -isystem G:/qt/6.10.2/mingw_64/include/QtGui/6.10.2/QtGui -isystem G:/qt/6.10.2/mingw_64/include/QtCore/6.10.2 -isystem G:/qt/6.10.2/mingw_64/include/QtCore/6.10.2/QtCore -DQT_QML_DEBUG -g -std=gnu++17 -fdiagnostics-color=always -MD -MT CMakeFiles/appSistemaInventario.dir/build/Desktop_Qt_6_10_2_MinGW_64_bit-Debug/.rcc/qmlcache/appSistemaInventario_qml/pages/ReportsPage_qml.cpp.obj -MF CMakeFiles\appSistemaInventario.dir\build\Desktop_Qt_6_10_2_MinGW_64_bit-Debug\.rcc\qmlcache\appSistemaInventario_qml\pages\ReportsPage_qml.cpp.obj.d -o CMakeFiles/appSistemaInventario.dir/build/Desktop_Qt_6_10_2_MinGW_64_bit-Debug/.rcc/qmlcache/appSistemaInventario_qml/pages/ReportsPage_qml.cpp.obj -c G:/Repositorios/SistemaInventario/build/Desktop_Qt_6_10_2_MinGW_64_bit-Debug/.rcc/qmlcache/appSistemaInventario_qml/pages/ReportsPage_qml.cpp
[8/32] Building CXX object CMakeFiles/appSistemaInventario.dir/build/Desktop_Qt_6_10_2_MinGW_64_bit-Debug/.rcc/qmlcache/appSistemaInventario_qml/pages/CustomersPage_qml.cpp.obj
FAILED: CMakeFiles/appSistemaInventario.dir/build/Desktop_Qt_6_10_2_MinGW_64_bit-Debug/.rcc/qmlcache/appSistemaInventario_qml/pages/CustomersPage_qml.cpp.obj 
G:\qt\Tools\mingw1310_64\bin\g++.exe -DMINGW_HAS_SECURE_API=1 -DQT_CHARTS_LIB -DQT_CORE_LIB -DQT_GUI_LIB -DQT_NEEDS_QMAIN -DQT_NETWORK_LIB -DQT_OPENGLWIDGETS_LIB -DQT_OPENGL_LIB -DQT_PRINTSUPPORT_LIB -DQT_QMLINTEGRATION_LIB -DQT_QML_LIB -DQT_QUICKCONTROLS2_LIB -DQT_QUICK_LIB -DQT_SQL_LIB -DQT_WIDGETS_LIB -DUNICODE -DWIN32 -DWIN64 -D_ENABLE_EXTENDED_ALIGNED_STORAGE -D_UNICODE -D_WIN64 -IG:/Repositorios/SistemaInventario/build/Desktop_Qt_6_10_2_MinGW_64_bit-Debug/appSistemaInventario_autogen/include -IG:/Repositorios/SistemaInventario -IG:/Repositorios/SistemaInventario/external/QXlsx/QXlsx/header -isystem G:/qt/6.10.2/mingw_64/include/QtQml -isystem G:/qt/6.10.2/mingw_64/include -isystem G:/qt/6.10.2/mingw_64/include/QtCore -isystem G:/qt/6.10.2/mingw_64/mkspecs/win32-g++ -isystem G:/qt/6.10.2/mingw_64/include/QtQmlIntegration -isystem G:/qt/6.10.2/mingw_64/include/QtNetwork -isystem G:/qt/6.10.2/mingw_64/include/QtQuick -isystem G:/qt/6.10.2/mingw_64/include/QtGui -isystem G:/qt/6.10.2/mingw_64/include/QtOpenGL -isystem G:/qt/6.10.2/mingw_64/include/QtQuickControls2 -isystem G:/qt/6.10.2/mingw_64/include/QtSql -isystem G:/qt/6.10.2/mingw_64/include/QtPrintSupport -isystem G:/qt/6.10.2/mingw_64/include/QtWidgets -isystem G:/qt/6.10.2/mingw_64/include/QtCharts -isystem G:/qt/6.10.2/mingw_64/include/QtOpenGLWidgets -isystem G:/qt/6.10.2/mingw_64/include/QtGui/6.10.2 -isystem G:/qt/6.10.2/mingw_64/include/QtGui/6.10.2/QtGui -isystem G:/qt/6.10.2/mingw_64/include/QtCore/6.10.2 -isystem G:/qt/6.10.2/mingw_64/include/QtCore/6.10.2/QtCore -DQT_QML_DEBUG -g -std=gnu++17 -fdiagnostics-color=always -MD -MT CMakeFiles/appSistemaInventario.dir/build/Desktop_Qt_6_10_2_MinGW_64_bit-Debug/.rcc/qmlcache/appSistemaInventario_qml/pages/CustomersPage_qml.cpp.obj -MF CMakeFiles\appSistemaInventario.dir\build\Desktop_Qt_6_10_2_MinGW_64_bit-Debug\.rcc\qmlcache\appSistemaInventario_qml\pages\CustomersPage_qml.cpp.obj.d -o CMakeFiles/appSistemaInventario.dir/build/Desktop_Qt_6_10_2_MinGW_64_bit-Debug/.rcc/qmlcache/appSistemaInventario_qml/pages/CustomersPage_qml.cpp.obj -c G:/Repositorios/SistemaInventario/build/Desktop_Qt_6_10_2_MinGW_64_bit-Debug/.rcc/qmlcache/appSistemaInventario_qml/pages/CustomersPage_qml.cpp
[9/32] Building CXX object CMakeFiles/appSistemaInventario.dir/build/Desktop_Qt_6_10_2_MinGW_64_bit-Debug/.rcc/qmlcache/appSistemaInventario_qml/components/CustomerSelector_qml.cpp.obj
FAILED: CMakeFiles/appSistemaInventario.dir/build/Desktop_Qt_6_10_2_MinGW_64_bit-Debug/.rcc/qmlcache/appSistemaInventario_qml/components/CustomerSelector_qml.cpp.obj 
G:\qt\Tools\mingw1310_64\bin\g++.exe -DMINGW_HAS_SECURE_API=1 -DQT_CHARTS_LIB -DQT_CORE_LIB -DQT_GUI_LIB -DQT_NEEDS_QMAIN -DQT_NETWORK_LIB -DQT_OPENGLWIDGETS_LIB -DQT_OPENGL_LIB -DQT_PRINTSUPPORT_LIB -DQT_QMLINTEGRATION_LIB -DQT_QML_LIB -DQT_QUICKCONTROLS2_LIB -DQT_QUICK_LIB -DQT_SQL_LIB -DQT_WIDGETS_LIB -DUNICODE -DWIN32 -DWIN64 -D_ENABLE_EXTENDED_ALIGNED_STORAGE -D_UNICODE -D_WIN64 -IG:/Repositorios/SistemaInventario/build/Desktop_Qt_6_10_2_MinGW_64_bit-Debug/appSistemaInventario_autogen/include -IG:/Repositorios/SistemaInventario -IG:/Repositorios/SistemaInventario/external/QXlsx/QXlsx/header -isystem G:/qt/6.10.2/mingw_64/include/QtQml -isystem G:/qt/6.10.2/mingw_64/include -isystem G:/qt/6.10.2/mingw_64/include/QtCore -isystem G:/qt/6.10.2/mingw_64/mkspecs/win32-g++ -isystem G:/qt/6.10.2/mingw_64/include/QtQmlIntegration -isystem G:/qt/6.10.2/mingw_64/include/QtNetwork -isystem G:/qt/6.10.2/mingw_64/include/QtQuick -isystem G:/qt/6.10.2/mingw_64/include/QtGui -isystem G:/qt/6.10.2/mingw_64/include/QtOpenGL -isystem G:/qt/6.10.2/mingw_64/include/QtQuickControls2 -isystem G:/qt/6.10.2/mingw_64/include/QtSql -isystem G:/qt/6.10.2/mingw_64/include/QtPrintSupport -isystem G:/qt/6.10.2/mingw_64/include/QtWidgets -isystem G:/qt/6.10.2/mingw_64/include/QtCharts -isystem G:/qt/6.10.2/mingw_64/include/QtOpenGLWidgets -isystem G:/qt/6.10.2/mingw_64/include/QtGui/6.10.2 -isystem G:/qt/6.10.2/mingw_64/include/QtGui/6.10.2/QtGui -isystem G:/qt/6.10.2/mingw_64/include/QtCore/6.10.2 -isystem G:/qt/6.10.2/mingw_64/include/QtCore/6.10.2/QtCore -DQT_QML_DEBUG -g -std=gnu++17 -fdiagnostics-color=always -MD -MT CMakeFiles/appSistemaInventario.dir/build/Desktop_Qt_6_10_2_MinGW_64_bit-Debug/.rcc/qmlcache/appSistemaInventario_qml/components/CustomerSelector_qml.cpp.obj -MF CMakeFiles\appSistemaInventario.dir\build\Desktop_Qt_6_10_2_MinGW_64_bit-Debug\.rcc\qmlcache\appSistemaInventario_qml\components\CustomerSelector_qml.cpp.obj.d -o CMakeFiles/appSistemaInventario.dir/build/Desktop_Qt_6_10_2_MinGW_64_bit-Debug/.rcc/qmlcache/appSistemaInventario_qml/components/CustomerSelector_qml.cpp.obj -c G:/Repositorios/SistemaInventario/build/Desktop_Qt_6_10_2_MinGW_64_bit-Debug/.rcc/qmlcache/appSistemaInventario_qml/components/CustomerSelector_qml.cpp
[10/32] Building CXX object CMakeFiles/appSistemaInventario.dir/build/Desktop_Qt_6_10_2_MinGW_64_bit-Debug/.rcc/qmlcache/appSistemaInventario_qml/pages/SettingsPage_qml.cpp.obj
FAILED: CMakeFiles/appSistemaInventario.dir/build/Desktop_Qt_6_10_2_MinGW_64_bit-Debug/.rcc/qmlcache/appSistemaInventario_qml/pages/SettingsPage_qml.cpp.obj 
G:\qt\Tools\mingw1310_64\bin\g++.exe -DMINGW_HAS_SECURE_API=1 -DQT_CHARTS_LIB -DQT_CORE_LIB -DQT_GUI_LIB -DQT_NEEDS_QMAIN -DQT_NETWORK_LIB -DQT_OPENGLWIDGETS_LIB -DQT_OPENGL_LIB -DQT_PRINTSUPPORT_LIB -DQT_QMLINTEGRATION_LIB -DQT_QML_LIB -DQT_QUICKCONTROLS2_LIB -DQT_QUICK_LIB -DQT_SQL_LIB -DQT_WIDGETS_LIB -DUNICODE -DWIN32 -DWIN64 -D_ENABLE_EXTENDED_ALIGNED_STORAGE -D_UNICODE -D_WIN64 -IG:/Repositorios/SistemaInventario/build/Desktop_Qt_6_10_2_MinGW_64_bit-Debug/appSistemaInventario_autogen/include -IG:/Repositorios/SistemaInventario -IG:/Repositorios/SistemaInventario/external/QXlsx/QXlsx/header -isystem G:/qt/6.10.2/mingw_64/include/QtQml -isystem G:/qt/6.10.2/mingw_64/include -isystem G:/qt/6.10.2/mingw_64/include/QtCore -isystem G:/qt/6.10.2/mingw_64/mkspecs/win32-g++ -isystem G:/qt/6.10.2/mingw_64/include/QtQmlIntegration -isystem G:/qt/6.10.2/mingw_64/include/QtNetwork -isystem G:/qt/6.10.2/mingw_64/include/QtQuick -isystem G:/qt/6.10.2/mingw_64/include/QtGui -isystem G:/qt/6.10.2/mingw_64/include/QtOpenGL -isystem G:/qt/6.10.2/mingw_64/include/QtQuickControls2 -isystem G:/qt/6.10.2/mingw_64/include/QtSql -isystem G:/qt/6.10.2/mingw_64/include/QtPrintSupport -isystem G:/qt/6.10.2/mingw_64/include/QtWidgets -isystem G:/qt/6.10.2/mingw_64/include/QtCharts -isystem G:/qt/6.10.2/mingw_64/include/QtOpenGLWidgets -isystem G:/qt/6.10.2/mingw_64/include/QtGui/6.10.2 -isystem G:/qt/6.10.2/mingw_64/include/QtGui/6.10.2/QtGui -isystem G:/qt/6.10.2/mingw_64/include/QtCore/6.10.2 -isystem G:/qt/6.10.2/mingw_64/include/QtCore/6.10.2/QtCore -DQT_QML_DEBUG -g -std=gnu++17 -fdiagnostics-color=always -MD -MT CMakeFiles/appSistemaInventario.dir/build/Desktop_Qt_6_10_2_MinGW_64_bit-Debug/.rcc/qmlcache/appSistemaInventario_qml/pages/SettingsPage_qml.cpp.obj -MF CMakeFiles\appSistemaInventario.dir\build\Desktop_Qt_6_10_2_MinGW_64_bit-Debug\.rcc\qmlcache\appSistemaInventario_qml\pages\SettingsPage_qml.cpp.obj.d -o CMakeFiles/appSistemaInventario.dir/build/Desktop_Qt_6_10_2_MinGW_64_bit-Debug/.rcc/qmlcache/appSistemaInventario_qml/pages/SettingsPage_qml.cpp.obj -c G:/Repositorios/SistemaInventario/build/Desktop_Qt_6_10_2_MinGW_64_bit-Debug/.rcc/qmlcache/appSistemaInventario_qml/pages/SettingsPage_qml.cpp
ninja: build stopped: subcommand failed.
